------------------------------------------------------------
Timing Analyzer Summary
------------------------------------------------------------

Type  : Slow 1100mV 85C Model Setup 'CLOCK_50'
Slack : -1.639
TNS   : -42.748

Type  : Slow 1100mV 85C Model Hold 'CLOCK_50'
Slack : 0.441
TNS   : 0.000

Type  : Slow 1100mV 85C Model Minimum Pulse Width 'CLOCK_50'
Slack : -0.538
TNS   : -25.358

Type  : Slow 1100mV 0C Model Setup 'CLOCK_50'
Slack : -1.805
TNS   : -46.814

Type  : Slow 1100mV 0C Model Hold 'CLOCK_50'
Slack : 0.449
TNS   : 0.000

Type  : Slow 1100mV 0C Model Minimum Pulse Width 'CLOCK_50'
Slack : -0.538
TNS   : -26.219

Type  : Fast 1100mV 85C Model Setup 'CLOCK_50'
Slack : -0.234
TNS   : -2.821

Type  : Fast 1100mV 85C Model Hold 'CLOCK_50'
Slack : 0.200
TNS   : 0.000

Type  : Fast 1100mV 85C Model Minimum Pulse Width 'CLOCK_50'
Slack : -0.095
TNS   : -3.036

Type  : Fast 1100mV 0C Model Setup 'CLOCK_50'
Slack : -0.216
TNS   : -2.141

Type  : Fast 1100mV 0C Model Hold 'CLOCK_50'
Slack : 0.189
TNS   : 0.000

Type  : Fast 1100mV 0C Model Minimum Pulse Width 'CLOCK_50'
Slack : -0.096
TNS   : -3.130

------------------------------------------------------------
