------------------------------------------------------------
Timing Analyzer Summary
------------------------------------------------------------

Type  : Slow 1100mV 85C Model Setup 'KEY2'
Slack : -3.912
TNS   : -86.767

Type  : Slow 1100mV 85C Model Setup 'KEY1'
Slack : -3.740
TNS   : -81.291

Type  : Slow 1100mV 85C Model Hold 'KEY1'
Slack : 1.018
TNS   : 0.000

Type  : Slow 1100mV 85C Model Hold 'KEY2'
Slack : 1.200
TNS   : 0.000

Type  : Slow 1100mV 85C Model Minimum Pulse Width 'KEY2'
Slack : -0.538
TNS   : -20.357

Type  : Slow 1100mV 85C Model Minimum Pulse Width 'KEY1'
Slack : -0.538
TNS   : -19.642

Type  : Slow 1100mV 85C Model Minimum Pulse Width 'KEY3'
Slack : -0.538
TNS   : -1.728

Type  : Slow 1100mV 85C Model Minimum Pulse Width 'KEY0'
Slack : -0.538
TNS   : -1.580

Type  : Slow 1100mV 0C Model Setup 'KEY2'
Slack : -3.765
TNS   : -83.689

Type  : Slow 1100mV 0C Model Setup 'KEY1'
Slack : -3.617
TNS   : -79.335

Type  : Slow 1100mV 0C Model Hold 'KEY1'
Slack : 0.972
TNS   : 0.000

Type  : Slow 1100mV 0C Model Hold 'KEY2'
Slack : 1.091
TNS   : 0.000

Type  : Slow 1100mV 0C Model Minimum Pulse Width 'KEY2'
Slack : -0.538
TNS   : -20.975

Type  : Slow 1100mV 0C Model Minimum Pulse Width 'KEY1'
Slack : -0.538
TNS   : -20.530

Type  : Slow 1100mV 0C Model Minimum Pulse Width 'KEY3'
Slack : -0.538
TNS   : -1.738

Type  : Slow 1100mV 0C Model Minimum Pulse Width 'KEY0'
Slack : -0.538
TNS   : -1.584

Type  : Fast 1100mV 85C Model Setup 'KEY2'
Slack : -1.828
TNS   : -38.712

Type  : Fast 1100mV 85C Model Setup 'KEY1'
Slack : -1.685
TNS   : -35.124

Type  : Fast 1100mV 85C Model Hold 'KEY1'
Slack : 0.297
TNS   : 0.000

Type  : Fast 1100mV 85C Model Hold 'KEY2'
Slack : 0.356
TNS   : 0.000

Type  : Fast 1100mV 85C Model Minimum Pulse Width 'KEY2'
Slack : -0.465
TNS   : -10.528

Type  : Fast 1100mV 85C Model Minimum Pulse Width 'KEY1'
Slack : -0.399
TNS   : -10.835

Type  : Fast 1100mV 85C Model Minimum Pulse Width 'KEY0'
Slack : -0.242
TNS   : -0.539

Type  : Fast 1100mV 85C Model Minimum Pulse Width 'KEY3'
Slack : -0.191
TNS   : -0.382

Type  : Fast 1100mV 0C Model Setup 'KEY2'
Slack : -1.554
TNS   : -32.901

Type  : Fast 1100mV 0C Model Setup 'KEY1'
Slack : -1.425
TNS   : -29.595

Type  : Fast 1100mV 0C Model Hold 'KEY1'
Slack : 0.226
TNS   : 0.000

Type  : Fast 1100mV 0C Model Hold 'KEY2'
Slack : 0.268
TNS   : 0.000

Type  : Fast 1100mV 0C Model Minimum Pulse Width 'KEY2'
Slack : -0.468
TNS   : -11.096

Type  : Fast 1100mV 0C Model Minimum Pulse Width 'KEY1'
Slack : -0.410
TNS   : -11.252

Type  : Fast 1100mV 0C Model Minimum Pulse Width 'KEY0'
Slack : -0.250
TNS   : -0.564

Type  : Fast 1100mV 0C Model Minimum Pulse Width 'KEY3'
Slack : -0.207
TNS   : -0.414

------------------------------------------------------------
