------------------------------------------------------------
Timing Analyzer Summary
------------------------------------------------------------

Type  : Slow 1100mV 85C Model Setup 'KEY0'
Slack : -10.612
TNS   : -2616.458

Type  : Slow 1100mV 85C Model Setup 'control_mod:inst137|fstate.ramwrite0'
Slack : -9.725
TNS   : -172.686

Type  : Slow 1100mV 85C Model Setup 'control_mod:inst137|fstate.ramwrite1'
Slack : -3.373
TNS   : -47.939

Type  : Slow 1100mV 85C Model Hold 'KEY0'
Slack : -7.194
TNS   : -17591.670

Type  : Slow 1100mV 85C Model Hold 'control_mod:inst137|fstate.ramwrite0'
Slack : 0.588
TNS   : 0.000

Type  : Slow 1100mV 85C Model Hold 'control_mod:inst137|fstate.ramwrite1'
Slack : 1.443
TNS   : 0.000

Type  : Slow 1100mV 85C Model Minimum Pulse Width 'KEY0'
Slack : -2.636
TNS   : -22302.809

Type  : Slow 1100mV 85C Model Minimum Pulse Width 'control_mod:inst137|fstate.ramwrite1'
Slack : 0.295
TNS   : 0.000

Type  : Slow 1100mV 85C Model Minimum Pulse Width 'control_mod:inst137|fstate.ramwrite0'
Slack : 0.309
TNS   : 0.000

Type  : Slow 1100mV 0C Model Setup 'KEY0'
Slack : -9.967
TNS   : -2465.990

Type  : Slow 1100mV 0C Model Setup 'control_mod:inst137|fstate.ramwrite0'
Slack : -9.414
TNS   : -167.838

Type  : Slow 1100mV 0C Model Setup 'control_mod:inst137|fstate.ramwrite1'
Slack : -3.371
TNS   : -47.750

Type  : Slow 1100mV 0C Model Hold 'KEY0'
Slack : -6.999
TNS   : -17860.982

Type  : Slow 1100mV 0C Model Hold 'control_mod:inst137|fstate.ramwrite0'
Slack : 0.518
TNS   : 0.000

Type  : Slow 1100mV 0C Model Hold 'control_mod:inst137|fstate.ramwrite1'
Slack : 1.397
TNS   : 0.000

Type  : Slow 1100mV 0C Model Minimum Pulse Width 'KEY0'
Slack : -2.636
TNS   : -22273.068

Type  : Slow 1100mV 0C Model Minimum Pulse Width 'control_mod:inst137|fstate.ramwrite0'
Slack : 0.306
TNS   : 0.000

Type  : Slow 1100mV 0C Model Minimum Pulse Width 'control_mod:inst137|fstate.ramwrite1'
Slack : 0.327
TNS   : 0.000

Type  : Fast 1100mV 85C Model Setup 'KEY0'
Slack : -6.624
TNS   : -1524.658

Type  : Fast 1100mV 85C Model Setup 'control_mod:inst137|fstate.ramwrite0'
Slack : -4.694
TNS   : -78.300

Type  : Fast 1100mV 85C Model Setup 'control_mod:inst137|fstate.ramwrite1'
Slack : -1.263
TNS   : -16.849

Type  : Fast 1100mV 85C Model Hold 'KEY0'
Slack : -3.806
TNS   : -9548.480

Type  : Fast 1100mV 85C Model Hold 'control_mod:inst137|fstate.ramwrite0'
Slack : 0.411
TNS   : 0.000

Type  : Fast 1100mV 85C Model Hold 'control_mod:inst137|fstate.ramwrite1'
Slack : 0.691
TNS   : 0.000

Type  : Fast 1100mV 85C Model Minimum Pulse Width 'KEY0'
Slack : -2.174
TNS   : -17959.911

Type  : Fast 1100mV 85C Model Minimum Pulse Width 'control_mod:inst137|fstate.ramwrite0'
Slack : 0.271
TNS   : 0.000

Type  : Fast 1100mV 85C Model Minimum Pulse Width 'control_mod:inst137|fstate.ramwrite1'
Slack : 0.335
TNS   : 0.000

Type  : Fast 1100mV 0C Model Setup 'KEY0'
Slack : -5.302
TNS   : -1209.196

Type  : Fast 1100mV 0C Model Setup 'control_mod:inst137|fstate.ramwrite0'
Slack : -4.437
TNS   : -73.041

Type  : Fast 1100mV 0C Model Setup 'control_mod:inst137|fstate.ramwrite1'
Slack : -1.027
TNS   : -13.616

Type  : Fast 1100mV 0C Model Hold 'KEY0'
Slack : -3.722
TNS   : -9937.107

Type  : Fast 1100mV 0C Model Hold 'control_mod:inst137|fstate.ramwrite0'
Slack : 0.401
TNS   : 0.000

Type  : Fast 1100mV 0C Model Hold 'control_mod:inst137|fstate.ramwrite1'
Slack : 0.616
TNS   : 0.000

Type  : Fast 1100mV 0C Model Minimum Pulse Width 'KEY0'
Slack : -2.174
TNS   : -17935.273

Type  : Fast 1100mV 0C Model Minimum Pulse Width 'control_mod:inst137|fstate.ramwrite0'
Slack : 0.317
TNS   : 0.000

Type  : Fast 1100mV 0C Model Minimum Pulse Width 'control_mod:inst137|fstate.ramwrite1'
Slack : 0.363
TNS   : 0.000

------------------------------------------------------------
