------------------------------------------------------------
Timing Analyzer Summary
------------------------------------------------------------

Type  : Slow 1100mV 85C Model Setup 'KEY0'
Slack : -9.429
TNS   : -46375.814

Type  : Slow 1100mV 85C Model Setup 'KEY1'
Slack : -5.156
TNS   : -113.401

Type  : Slow 1100mV 85C Model Setup 'KEY2'
Slack : -4.768
TNS   : -106.510

Type  : Slow 1100mV 85C Model Hold 'KEY0'
Slack : 0.450
TNS   : 0.000

Type  : Slow 1100mV 85C Model Hold 'KEY2'
Slack : 1.621
TNS   : 0.000

Type  : Slow 1100mV 85C Model Hold 'KEY1'
Slack : 1.634
TNS   : 0.000

Type  : Slow 1100mV 85C Model Minimum Pulse Width 'KEY0'
Slack : -2.636
TNS   : -23681.407

Type  : Slow 1100mV 85C Model Minimum Pulse Width 'KEY1'
Slack : -0.538
TNS   : -20.577

Type  : Slow 1100mV 85C Model Minimum Pulse Width 'KEY2'
Slack : -0.538
TNS   : -20.361

Type  : Slow 1100mV 85C Model Minimum Pulse Width 'KEY3'
Slack : -0.538
TNS   : -3.886

Type  : Slow 1100mV 0C Model Setup 'KEY0'
Slack : -8.971
TNS   : -43526.459

Type  : Slow 1100mV 0C Model Setup 'KEY1'
Slack : -5.102
TNS   : -111.989

Type  : Slow 1100mV 0C Model Setup 'KEY2'
Slack : -4.733
TNS   : -105.125

Type  : Slow 1100mV 0C Model Hold 'KEY0'
Slack : 0.486
TNS   : 0.000

Type  : Slow 1100mV 0C Model Hold 'KEY2'
Slack : 1.459
TNS   : 0.000

Type  : Slow 1100mV 0C Model Hold 'KEY1'
Slack : 1.537
TNS   : 0.000

Type  : Slow 1100mV 0C Model Minimum Pulse Width 'KEY0'
Slack : -2.636
TNS   : -23655.532

Type  : Slow 1100mV 0C Model Minimum Pulse Width 'KEY1'
Slack : -0.538
TNS   : -21.094

Type  : Slow 1100mV 0C Model Minimum Pulse Width 'KEY2'
Slack : -0.538
TNS   : -21.046

Type  : Slow 1100mV 0C Model Minimum Pulse Width 'KEY3'
Slack : -0.538
TNS   : -3.990

Type  : Fast 1100mV 85C Model Setup 'KEY0'
Slack : -5.511
TNS   : -25866.812

Type  : Fast 1100mV 85C Model Setup 'KEY1'
Slack : -2.642
TNS   : -54.660

Type  : Fast 1100mV 85C Model Setup 'KEY2'
Slack : -2.366
TNS   : -51.005

Type  : Fast 1100mV 85C Model Hold 'KEY0'
Slack : 0.311
TNS   : 0.000

Type  : Fast 1100mV 85C Model Hold 'KEY2'
Slack : 0.535
TNS   : 0.000

Type  : Fast 1100mV 85C Model Hold 'KEY1'
Slack : 0.610
TNS   : 0.000

Type  : Fast 1100mV 85C Model Minimum Pulse Width 'KEY0'
Slack : -2.174
TNS   : -19076.070

Type  : Fast 1100mV 85C Model Minimum Pulse Width 'KEY1'
Slack : -0.460
TNS   : -11.638

Type  : Fast 1100mV 85C Model Minimum Pulse Width 'KEY2'
Slack : -0.431
TNS   : -11.370

Type  : Fast 1100mV 85C Model Minimum Pulse Width 'KEY3'
Slack : -0.420
TNS   : -2.304

Type  : Fast 1100mV 0C Model Setup 'KEY0'
Slack : -4.554
TNS   : -21224.498

Type  : Fast 1100mV 0C Model Setup 'KEY1'
Slack : -2.251
TNS   : -46.762

Type  : Fast 1100mV 0C Model Setup 'KEY2'
Slack : -2.032
TNS   : -44.075

Type  : Fast 1100mV 0C Model Hold 'KEY0'
Slack : 0.298
TNS   : 0.000

Type  : Fast 1100mV 0C Model Hold 'KEY2'
Slack : 0.452
TNS   : 0.000

Type  : Fast 1100mV 0C Model Hold 'KEY1'
Slack : 0.498
TNS   : 0.000

Type  : Fast 1100mV 0C Model Minimum Pulse Width 'KEY0'
Slack : -2.174
TNS   : -19043.770

Type  : Fast 1100mV 0C Model Minimum Pulse Width 'KEY1'
Slack : -0.450
TNS   : -11.463

Type  : Fast 1100mV 0C Model Minimum Pulse Width 'KEY2'
Slack : -0.426
TNS   : -11.247

Type  : Fast 1100mV 0C Model Minimum Pulse Width 'KEY3'
Slack : -0.425
TNS   : -2.312

------------------------------------------------------------
