------------------------------------------------------------
Timing Analyzer Summary
------------------------------------------------------------

Type  : Slow 1100mV 85C Model Setup 'KEY0'
Slack : -1.403
TNS   : -25.747

Type  : Slow 1100mV 85C Model Hold 'KEY0'
Slack : 0.381
TNS   : 0.000

Type  : Slow 1100mV 85C Model Minimum Pulse Width 'KEY0'
Slack : -2.636
TNS   : -91.002

Type  : Slow 1100mV 0C Model Setup 'KEY0'
Slack : -1.481
TNS   : -26.424

Type  : Slow 1100mV 0C Model Hold 'KEY0'
Slack : 0.443
TNS   : 0.000

Type  : Slow 1100mV 0C Model Minimum Pulse Width 'KEY0'
Slack : -2.636
TNS   : -90.914

Type  : Fast 1100mV 85C Model Setup 'KEY0'
Slack : -0.220
TNS   : -3.399

Type  : Fast 1100mV 85C Model Hold 'KEY0'
Slack : 0.223
TNS   : 0.000

Type  : Fast 1100mV 85C Model Minimum Pulse Width 'KEY0'
Slack : -2.174
TNS   : -72.177

Type  : Fast 1100mV 0C Model Setup 'KEY0'
Slack : -0.202
TNS   : -3.098

Type  : Fast 1100mV 0C Model Hold 'KEY0'
Slack : 0.181
TNS   : 0.000

Type  : Fast 1100mV 0C Model Minimum Pulse Width 'KEY0'
Slack : -2.174
TNS   : -72.118

------------------------------------------------------------
